// Jest Snapshot v1, https://goo.gl/fbAQLP

exports[`The question details component testing The display element Should not regress 1`] = `
<div>
  <h3
    className="mb-2"
  >
    Thanks
  </h3>
  <div>
    <h4>
      Loading Question...
    </h4>
  </div>
</div>
`;
